// Jest Snapshot v1, https://goo.gl/fbAQLP

exports[`render bx button 1`] = `
<button class="bx-button">
</button>
`;
